// Jest Snapshot v1, https://goo.gl/fbAQLP

exports[`MessageField should match the snapshot 1`] = `
<div><input type="text" placeholder="Type something">
  <p></p>
</div>
`;
